
[48;5;028m[38;5;000m\/\/\/\/\/\/\/\/\/\/\/\/\/\/\/\/\/\/\/[48;5;255m[38;5;000m\/\/\/\/\/\/\/\/\/\/\/\/\/\/\/\/\/\/\[48;5;196m[38;5;000m/\/\/\/\/\/\/\/\/\/\/\/\/\/\/\/\/\/[48;5;000m
[48;5;028m[38;5;000m\ Author: @dissennatore (telegram)    [48;5;255m[38;5;000m @forza-panino (github)              [48;5;196m[38;5;000m                                  /[48;5;000m
[48;5;028m[38;5;000m\ Made for the telegram group: Spartan[48;5;255m[38;5;000m-Crypto ( t.me/Spartancryptoita )    [48;5;196m[38;5;000m                                  /[48;5;000m
[48;5;028m[38;5;000m\ Github: http://www.github.com       [48;5;255m[38;5;000ml                                    [48;5;196m[38;5;000m                                  /[48;5;000m
[48;5;028m[38;5;000m\ Check github link for license and in[48;5;255m[38;5;000mstructions.                          [48;5;196m[38;5;000m                                  /[48;5;000m
[48;5;028m[38;5;000m\/\/\/\/\/\/\/\/\/\/\/\/\/\/\/\/\/\/\/[48;5;255m[38;5;000m\/\/\/\/\/\/\/\/\/\/\/\/\/\/\/\/\/\/\[48;5;196m[38;5;000m/\/\/\/\/\/\/\/\/\/\/\/\/\/\/\/\/\/[0m
